Archive member included to satisfy reference by file (symbol)

c:/st/stm32cubeide_1.9.0/stm32cubeide/plugins/com.st.stm32cube.ide.mcu.externaltools.gnu-tools-for-stm32.10.3-2021.10.win32_1.0.0.202111181127/tools/bin/../lib/gcc/arm-none-eabi/10.3.1/../../../../arm-none-eabi/lib/thumb/v7e-m+fp/hard\libc_nano.a(lib_a-errno.o)
                              ./Core/Src/syscalls.o (__errno)
c:/st/stm32cubeide_1.9.0/stm32cubeide/plugins/com.st.stm32cube.ide.mcu.externaltools.gnu-tools-for-stm32.10.3-2021.10.win32_1.0.0.202111181127/tools/bin/../lib/gcc/arm-none-eabi/10.3.1/../../../../arm-none-eabi/lib/thumb/v7e-m+fp/hard\libc_nano.a(lib_a-exit.o)
                              c:/st/stm32cubeide_1.9.0/stm32cubeide/plugins/com.st.stm32cube.ide.mcu.externaltools.gnu-tools-for-stm32.10.3-2021.10.win32_1.0.0.202111181127/tools/bin/../lib/gcc/arm-none-eabi/10.3.1/../../../../arm-none-eabi/lib/thumb/v7e-m+fp/hard/crt0.o (exit)
c:/st/stm32cubeide_1.9.0/stm32cubeide/plugins/com.st.stm32cube.ide.mcu.externaltools.gnu-tools-for-stm32.10.3-2021.10.win32_1.0.0.202111181127/tools/bin/../lib/gcc/arm-none-eabi/10.3.1/../../../../arm-none-eabi/lib/thumb/v7e-m+fp/hard\libc_nano.a(lib_a-impure.o)
                              c:/st/stm32cubeide_1.9.0/stm32cubeide/plugins/com.st.stm32cube.ide.mcu.externaltools.gnu-tools-for-stm32.10.3-2021.10.win32_1.0.0.202111181127/tools/bin/../lib/gcc/arm-none-eabi/10.3.1/../../../../arm-none-eabi/lib/thumb/v7e-m+fp/hard\libc_nano.a(lib_a-exit.o) (_global_impure_ptr)
c:/st/stm32cubeide_1.9.0/stm32cubeide/plugins/com.st.stm32cube.ide.mcu.externaltools.gnu-tools-for-stm32.10.3-2021.10.win32_1.0.0.202111181127/tools/bin/../lib/gcc/arm-none-eabi/10.3.1/../../../../arm-none-eabi/lib/thumb/v7e-m+fp/hard\libc_nano.a(lib_a-init.o)
                              c:/st/stm32cubeide_1.9.0/stm32cubeide/plugins/com.st.stm32cube.ide.mcu.externaltools.gnu-tools-for-stm32.10.3-2021.10.win32_1.0.0.202111181127/tools/bin/../lib/gcc/arm-none-eabi/10.3.1/../../../../arm-none-eabi/lib/thumb/v7e-m+fp/hard/crt0.o (__libc_init_array)
c:/st/stm32cubeide_1.9.0/stm32cubeide/plugins/com.st.stm32cube.ide.mcu.externaltools.gnu-tools-for-stm32.10.3-2021.10.win32_1.0.0.202111181127/tools/bin/../lib/gcc/arm-none-eabi/10.3.1/../../../../arm-none-eabi/lib/thumb/v7e-m+fp/hard\libc_nano.a(lib_a-memcpy-stub.o)
                              ./ThirdParty/FreeRTOS/queue.o (memcpy)
c:/st/stm32cubeide_1.9.0/stm32cubeide/plugins/com.st.stm32cube.ide.mcu.externaltools.gnu-tools-for-stm32.10.3-2021.10.win32_1.0.0.202111181127/tools/bin/../lib/gcc/arm-none-eabi/10.3.1/../../../../arm-none-eabi/lib/thumb/v7e-m+fp/hard\libc_nano.a(lib_a-memset.o)
                              c:/st/stm32cubeide_1.9.0/stm32cubeide/plugins/com.st.stm32cube.ide.mcu.externaltools.gnu-tools-for-stm32.10.3-2021.10.win32_1.0.0.202111181127/tools/bin/../lib/gcc/arm-none-eabi/10.3.1/../../../../arm-none-eabi/lib/thumb/v7e-m+fp/hard/crt0.o (memset)
c:/st/stm32cubeide_1.9.0/stm32cubeide/plugins/com.st.stm32cube.ide.mcu.externaltools.gnu-tools-for-stm32.10.3-2021.10.win32_1.0.0.202111181127/tools/bin/../lib/gcc/arm-none-eabi/10.3.1/thumb/v7e-m+fp/hard\libgcc.a(_aeabi_uldivmod.o)
                              ./Drivers/STM32F4xx_HAL_Driver/Src/stm32f4xx_hal_rcc.o (__aeabi_uldivmod)
c:/st/stm32cubeide_1.9.0/stm32cubeide/plugins/com.st.stm32cube.ide.mcu.externaltools.gnu-tools-for-stm32.10.3-2021.10.win32_1.0.0.202111181127/tools/bin/../lib/gcc/arm-none-eabi/10.3.1/thumb/v7e-m+fp/hard\libgcc.a(_udivmoddi4.o)
                              c:/st/stm32cubeide_1.9.0/stm32cubeide/plugins/com.st.stm32cube.ide.mcu.externaltools.gnu-tools-for-stm32.10.3-2021.10.win32_1.0.0.202111181127/tools/bin/../lib/gcc/arm-none-eabi/10.3.1/thumb/v7e-m+fp/hard\libgcc.a(_aeabi_uldivmod.o) (__udivmoddi4)
c:/st/stm32cubeide_1.9.0/stm32cubeide/plugins/com.st.stm32cube.ide.mcu.externaltools.gnu-tools-for-stm32.10.3-2021.10.win32_1.0.0.202111181127/tools/bin/../lib/gcc/arm-none-eabi/10.3.1/thumb/v7e-m+fp/hard\libgcc.a(_dvmd_tls.o)
                              c:/st/stm32cubeide_1.9.0/stm32cubeide/plugins/com.st.stm32cube.ide.mcu.externaltools.gnu-tools-for-stm32.10.3-2021.10.win32_1.0.0.202111181127/tools/bin/../lib/gcc/arm-none-eabi/10.3.1/thumb/v7e-m+fp/hard\libgcc.a(_aeabi_uldivmod.o) (__aeabi_ldiv0)

Discarded input sections

 .text          0x0000000000000000        0x0 c:/st/stm32cubeide_1.9.0/stm32cubeide/plugins/com.st.stm32cube.ide.mcu.externaltools.gnu-tools-for-stm32.10.3-2021.10.win32_1.0.0.202111181127/tools/bin/../lib/gcc/arm-none-eabi/10.3.1/thumb/v7e-m+fp/hard/crti.o
 .data          0x0000000000000000        0x0 c:/st/stm32cubeide_1.9.0/stm32cubeide/plugins/com.st.stm32cube.ide.mcu.externaltools.gnu-tools-for-stm32.10.3-2021.10.win32_1.0.0.202111181127/tools/bin/../lib/gcc/arm-none-eabi/10.3.1/thumb/v7e-m+fp/hard/crti.o
[...]
Memory Configuration

Name             Origin             Length             Attributes
RAM              0x0000000020000000 0x0000000000020000 xrw
FLASH            0x0000000008000000 0x0000000000080000 xr
*default*        0x0000000000000000 0xffffffffffffffff

Linker script and memory map

LOAD c:/st/stm32cubeide_1.9.0/stm32cubeide/plugins/com.st.stm32cube.ide.mcu.externaltools.gnu-tools-for-stm32.10.3-2021.10.win32_1.0.0.202111181127/tools/bin/../lib/gcc/arm-none-eabi/10.3.1/thumb/v7e-m+fp/hard/crti.o
LOAD c:/st/stm32cubeide_1.9.0/stm32cubeide/plugins/com.st.stm32cube.ide.mcu.externaltools.gnu-tools-for-stm32.10.3-2021.10.win32_1.0.0.202111181127/tools/bin/../lib/gcc/arm-none-eabi/10.3.1/thumb/v7e-m+fp/hard/crtbegin.o
LOAD c:/st/stm32cubeide_1.9.0/stm32cubeide/plugins/com.st.stm32cube.ide.mcu.externaltools.gnu-tools-for-stm32.10.3-2021.10.win32_1.0.0.202111181127/tools/bin/../lib/gcc/arm-none-eabi/10.3.1/../../../../arm-none-eabi/lib/thumb/v7e-m+fp/hard/crt0.o
LOAD ./Core/Src/main.o
LOAD ./Core/Src/stm32f4xx_hal_msp.o
LOAD ./Core/Src/stm32f4xx_it.o
LOAD ./Core/Src/syscalls.o
LOAD ./Core/Src/system_stm32f4xx.o
LOAD ./Core/Startup/startup_stm32f446retx.o
LOAD ./Drivers/STM32F4xx_HAL_Driver/Src/stm32f4xx_hal.o
LOAD ./Drivers/STM32F4xx_HAL_Driver/Src/stm32f4xx_hal_cortex.o
LOAD ./Drivers/STM32F4xx_HAL_Driver/Src/stm32f4xx_hal_dma.o
LOAD ./Drivers/STM32F4xx_HAL_Driver/Src/stm32f4xx_hal_dma_ex.o
LOAD ./Drivers/STM32F4xx_HAL_Driver/Src/stm32f4xx_hal_exti.o
LOAD ./Drivers/STM32F4xx_HAL_Driver/Src/stm32f4xx_hal_flash.o
LOAD ./Drivers/STM32F4xx_HAL_Driver/Src/stm32f4xx_hal_flash_ex.o
LOAD ./Drivers/STM32F4xx_HAL_Driver/Src/stm32f4xx_hal_flash_ramfunc.o
LOAD ./Drivers/STM32F4xx_HAL_Driver/Src/stm32f4xx_hal_gpio.o
LOAD ./Drivers/STM32F4xx_HAL_Driver/Src/stm32f4xx_hal_pwr.o
LOAD ./Drivers/STM32F4xx_HAL_Driver/Src/stm32f4xx_hal_pwr_ex.o
LOAD ./Drivers/STM32F4xx_HAL_Driver/Src/stm32f4xx_hal_rcc.o
LOAD ./Drivers/STM32F4xx_HAL_Driver/Src/stm32f4xx_hal_rcc_ex.o
LOAD ./Drivers/STM32F4xx_HAL_Driver/Src/stm32f4xx_hal_tim.o
LOAD ./Drivers/STM32F4xx_HAL_Driver/Src/stm32f4xx_hal_tim_ex.o
LOAD ./ThirdParty/FreeRTOS/croutine.o
LOAD ./ThirdParty/FreeRTOS/event_groups.o
LOAD ./ThirdParty/FreeRTOS/list.o
LOAD ./ThirdParty/FreeRTOS/queue.o
LOAD ./ThirdParty/FreeRTOS/stream_buffer.o
LOAD ./ThirdParty/FreeRTOS/tasks.o
LOAD ./ThirdParty/FreeRTOS/timers.o
LOAD ./ThirdParty/FreeRTOS/portable/GCC/ARM_CM4F/port.o
LOAD ./ThirdParty/FreeRTOS/portable/MemMang/heap_4.o
START GROUP
LOAD c:/st/stm32cubeide_1.9.0/stm32cubeide/plugins/com.st.stm32cube.ide.mcu.externaltools.gnu-tools-for-stm32.10.3-2021.10.win32_1.0.0.202111181127/tools/bin/../lib/gcc/arm-none-eabi/10.3.1/../../../../arm-none-eabi/lib/thumb/v7e-m+fp/hard\libstdc++_nano.a
LOAD c:/st/stm32cubeide_1.9.0/stm32cubeide/plugins/com.st.stm32cube.ide.mcu.externaltools.gnu-tools-for-stm32.10.3-2021.10.win32_1.0.0.202111181127/tools/bin/../lib/gcc/arm-none-eabi/10.3.1/../../../../arm-none-eabi/lib/thumb/v7e-m+fp/hard\libsupc++_nano.a
END GROUP
LOAD c:/st/stm32cubeide_1.9.0/stm32cubeide/plugins/com.st.stm32cube.ide.mcu.externaltools.gnu-tools-for-stm32.10.3-2021.10.win32_1.0.0.202111181127/tools/bin/../lib/gcc/arm-none-eabi/10.3.1/../../../../arm-none-eabi/lib/thumb/v7e-m+fp/hard\libstdc++_nano.a
LOAD c:/st/stm32cubeide_1.9.0/stm32cubeide/plugins/com.st.stm32cube.ide.mcu.externaltools.gnu-tools-for-stm32.10.3-2021.10.win32_1.0.0.202111181127/tools/bin/../lib/gcc/arm-none-eabi/10.3.1/../../../../arm-none-eabi/lib/thumb/v7e-m+fp/hard\libm.a
LOAD c:/st/stm32cubeide_1.9.0/stm32cubeide/plugins/com.st.stm32cube.ide.mcu.externaltools.gnu-tools-for-stm32.10.3-2021.10.win32_1.0.0.202111181127/tools/bin/../lib/gcc/arm-none-eabi/10.3.1/../../../../arm-none-eabi/lib/thumb/v7e-m+fp/hard\libc_nano.a
START GROUP
LOAD c:/st/stm32cubeide_1.9.0/stm32cubeide/plugins/com.st.stm32cube.ide.mcu.externaltools.gnu-tools-for-stm32.10.3-2021.10.win32_1.0.0.202111181127/tools/bin/../lib/gcc/arm-none-eabi/10.3.1/thumb/v7e-m+fp/hard\libgcc.a
LOAD c:/st/stm32cubeide_1.9.0/stm32cubeide/plugins/com.st.stm32cube.ide.mcu.externaltools.gnu-tools-for-stm32.10.3-2021.10.win32_1.0.0.202111181127/tools/bin/../lib/gcc/arm-none-eabi/10.3.1/../../../../arm-none-eabi/lib/thumb/v7e-m+fp/hard\libc_nano.a
END GROUP
START GROUP
LOAD c:/st/stm32cubeide_1.9.0/stm32cubeide/plugins/com.st.stm32cube.ide.mcu.externaltools.gnu-tools-for-stm32.10.3-2021.10.win32_1.0.0.202111181127/tools/bin/../lib/gcc/arm-none-eabi/10.3.1/thumb/v7e-m+fp/hard\libgcc.a
LOAD c:/st/stm32cubeide_1.9.0/stm32cubeide/plugins/com.st.stm32cube.ide.mcu.externaltools.gnu-tools-for-stm32.10.3-2021.10.win32_1.0.0.202111181127/tools/bin/../lib/gcc/arm-none-eabi/10.3.1/../../../../arm-none-eabi/lib/thumb/v7e-m+fp/hard\libc_nano.a
LOAD c:/st/stm32cubeide_1.9.0/stm32cubeide/plugins/com.st.stm32cube.ide.mcu.externaltools.gnu-tools-for-stm32.10.3-2021.10.win32_1.0.0.202111181127/tools/bin/../lib/gcc/arm-none-eabi/10.3.1/../../../../arm-none-eabi/lib/thumb/v7e-m+fp/hard\libnosys.a
END GROUP
START GROUP
LOAD c:/st/stm32cubeide_1.9.0/stm32cubeide/plugins/com.st.stm32cube.ide.mcu.externaltools.gnu-tools-for-stm32.10.3-2021.10.win32_1.0.0.202111181127/tools/bin/../lib/gcc/arm-none-eabi/10.3.1/thumb/v7e-m+fp/hard\libgcc.a
LOAD c:/st/stm32cubeide_1.9.0/stm32cubeide/plugins/com.st.stm32cube.ide.mcu.externaltools.gnu-tools-for-stm32.10.3-2021.10.win32_1.0.0.202111181127/tools/bin/../lib/gcc/arm-none-eabi/10.3.1/../../../../arm-none-eabi/lib/thumb/v7e-m+fp/hard\libc_nano.a
LOAD c:/st/stm32cubeide_1.9.0/stm32cubeide/plugins/com.st.stm32cube.ide.mcu.externaltools.gnu-tools-for-stm32.10.3-2021.10.win32_1.0.0.202111181127/tools/bin/../lib/gcc/arm-none-eabi/10.3.1/../../../../arm-none-eabi/lib/thumb/v7e-m+fp/hard\libnosys.a
END GROUP
LOAD c:/st/stm32cubeide_1.9.0/stm32cubeide/plugins/com.st.stm32cube.ide.mcu.externaltools.gnu-tools-for-stm32.10.3-2021.10.win32_1.0.0.202111181127/tools/bin/../lib/gcc/arm-none-eabi/10.3.1/thumb/v7e-m+fp/hard/crtend.o
LOAD c:/st/stm32cubeide_1.9.0/stm32cubeide/plugins/com.st.stm32cube.ide.mcu.externaltools.gnu-tools-for-stm32.10.3-2021.10.win32_1.0.0.202111181127/tools/bin/../lib/gcc/arm-none-eabi/10.3.1/thumb/v7e-m+fp/hard/crtn.o
                0x0000000020020000                _estack = (ORIGIN (RAM) + LENGTH (RAM))
                0x0000000000000200                _Min_Heap_Size = 0x200
                0x0000000000000400                _Min_Stack_Size = 0x400

.isr_vector     0x0000000008000000      0x1c4
                0x0000000008000000                . = ALIGN (0x4)
 *(.isr_vector)
 .isr_vector    0x0000000008000000      0x1c4 ./Core/Startup/startup_stm32f446retx.o
                0x0000000008000000                g_pfnVectors
                0x00000000080001c4                . = ALIGN (0x4)

.text           0x00000000080001d0     0x1b8c
                0x00000000080001d0                . = ALIGN (0x4)
 *(.text)
 .text          0x00000000080001d0       0x40 c:/st/stm32cubeide_1.9.0/stm32cubeide/plugins/com.st.stm32cube.ide.mcu.externaltools.gnu-tools-for-stm32.10.3-2021.10.win32_1.0.0.202111181127/tools/bin/../lib/gcc/arm-none-eabi/10.3.1/thumb/v7e-m+fp/hard/crtbegin.o
 .text          0x0000000008000210       0x30 c:/st/stm32cubeide_1.9.0/stm32cubeide/plugins/com.st.stm32cube.ide.mcu.externaltools.gnu-tools-for-stm32.10.3-2021.10.win32_1.0.0.202111181127/tools/bin/../lib/gcc/arm-none-eabi/10.3.1/thumb/v7e-m+fp/hard\libgcc.a(_aeabi_uldivmod.o)
                0x0000000008000210                __aeabi_uldivmod
 .text          0x0000000008000240      0x2d0 c:/st/stm32cubeide_1.9.0/stm32cubeide/plugins/com.st.stm32cube.ide.mcu.externaltools.gnu-tools-for-stm32.10.3-2021.10.win32_1.0.0.202111181127/tools/bin/../lib/gcc/arm-none-eabi/10.3.1/thumb/v7e-m+fp/hard\libgcc.a(_udivmoddi4.o)
                0x0000000008000240                __udivmoddi4
 .text          0x0000000008000510        0x4 c:/st/stm32cubeide_1.9.0/stm32cubeide/plugins/com.st.stm32cube.ide.mcu.externaltools.gnu-tools-for-stm32.10.3-2021.10.win32_1.0.0.202111181127/tools/bin/../lib/gcc/arm-none-eabi/10.3.1/thumb/v7e-m+fp/hard\libgcc.a(_dvmd_tls.o)
                0x0000000008000510                __aeabi_idiv0
                0x0000000008000510                __aeabi_ldiv0
 *(.text*)
 .text.main     0x0000000008000514       0x12 ./Core/Src/main.o
                0x0000000008000514                main
 *fill*         0x0000000008000526        0x2 
 .text.SystemClock_Config
                0x0000000008000528       0xdc ./Core/Src/main.o
                0x0000000008000528                SystemClock_Config
 .text.MX_GPIO_Init
                0x0000000008000604       0xa4 ./Core/Src/main.o
 .text.Error_Handler
                0x00000000080006a8        0xa ./Core/Src/main.o
                0x00000000080006a8                Error_Handler
 *fill*         0x00000000080006b2        0x2 
 .text.HAL_MspInit
                0x00000000080006b4       0x50 ./Core/Src/stm32f4xx_hal_msp.o
                0x00000000080006b4                HAL_MspInit
 .text.NMI_Handler
                0x0000000008000704        0x6 ./Core/Src/stm32f4xx_it.o
                0x0000000008000704                NMI_Handler
 .text.HardFault_Handler
                0x000000000800070a        0x6 ./Core/Src/stm32f4xx_it.o
                0x000000000800070a                HardFault_Handler
 .text.MemManage_Handler
                0x0000000008000710        0x6 ./Core/Src/stm32f4xx_it.o
                0x0000000008000710                MemManage_Handler
 .text.BusFault_Handler
                0x0000000008000716        0x6 ./Core/Src/stm32f4xx_it.o
                0x0000000008000716                BusFault_Handler
 .text.UsageFault_Handler
                0x000000000800071c        0x6 ./Core/Src/stm32f4xx_it.o
                0x000000000800071c                UsageFault_Handler
 .text.DebugMon_Handler
                0x0000000008000722        0xe ./Core/Src/stm32f4xx_it.o
                0x0000000008000722                DebugMon_Handler
 .text.SystemInit
                0x0000000008000730       0x24 ./Core/Src/system_stm32f4xx.o
                0x0000000008000730                SystemInit
 .text.Reset_Handler
                0x0000000008000754       0x50 ./Core/Startup/startup_stm32f446retx.o
                0x0000000008000754                Reset_Handler
 .text.Default_Handler
                0x00000000080007a4        0x2 ./Core/Startup/startup_stm32f446retx.o
                0x00000000080007a4                RTC_Alarm_IRQHandler
                0x00000000080007a4                EXTI2_IRQHandler
                0x00000000080007a4                TIM8_CC_IRQHandler
                0x00000000080007a4                FMPI2C1_EV_IRQHandler
                0x00000000080007a4                SPI4_IRQHandler
                0x00000000080007a4                TIM1_CC_IRQHandler
                0x00000000080007a4                DMA2_Stream5_IRQHandler
                0x00000000080007a4                DMA1_Stream5_IRQHandler
                0x00000000080007a4                PVD_IRQHandler
                0x00000000080007a4                SDIO_IRQHandler
                0x00000000080007a4                TAMP_STAMP_IRQHandler
                0x00000000080007a4                CAN2_RX1_IRQHandler
                0x00000000080007a4                EXTI3_IRQHandler
                0x00000000080007a4                TIM8_TRG_COM_TIM14_IRQHandler
                0x00000000080007a4                TIM1_UP_TIM10_IRQHandler
                0x00000000080007a4                TIM8_UP_TIM13_IRQHandler
                0x00000000080007a4                I2C3_ER_IRQHandler
                0x00000000080007a4                EXTI0_IRQHandler
                0x00000000080007a4                I2C2_EV_IRQHandler
                0x00000000080007a4                DMA1_Stream2_IRQHandler
                0x00000000080007a4                CAN1_RX0_IRQHandler
                0x00000000080007a4                FPU_IRQHandler
                0x00000000080007a4                OTG_HS_WKUP_IRQHandler
                0x00000000080007a4                CAN2_SCE_IRQHandler
                0x00000000080007a4                DMA2_Stream2_IRQHandler
                0x00000000080007a4                SPI1_IRQHandler
                0x00000000080007a4                TIM6_DAC_IRQHandler
                0x00000000080007a4                TIM1_BRK_TIM9_IRQHandler
                0x00000000080007a4                DCMI_IRQHandler
                0x00000000080007a4                CAN2_RX0_IRQHandler
                0x00000000080007a4                DMA2_Stream3_IRQHandler
                0x00000000080007a4                SAI2_IRQHandler
                0x00000000080007a4                USART6_IRQHandler
                0x00000000080007a4                USART3_IRQHandler
                0x00000000080007a4                CAN1_RX1_IRQHandler
                0x00000000080007a4                UART5_IRQHandler
                0x00000000080007a4                DMA2_Stream0_IRQHandler
                0x00000000080007a4                TIM4_IRQHandler
                0x00000000080007a4                QUADSPI_IRQHandler
                0x00000000080007a4                I2C1_EV_IRQHandler
                0x00000000080007a4                DMA1_Stream6_IRQHandler
                0x00000000080007a4                DMA1_Stream1_IRQHandler
                0x00000000080007a4                UART4_IRQHandler
                0x00000000080007a4                TIM3_IRQHandler
                0x00000000080007a4                RCC_IRQHandler
                0x00000000080007a4                TIM8_BRK_TIM12_IRQHandler
                0x00000000080007a4                Default_Handler
                0x00000000080007a4                CEC_IRQHandler
                0x00000000080007a4                EXTI15_10_IRQHandler
                0x00000000080007a4                ADC_IRQHandler
                0x00000000080007a4                DMA1_Stream7_IRQHandler
                0x00000000080007a4                TIM7_IRQHandler
                0x00000000080007a4                CAN2_TX_IRQHandler
                0x00000000080007a4                TIM5_IRQHandler
                0x00000000080007a4                DMA2_Stream7_IRQHandler
                0x00000000080007a4                I2C3_EV_IRQHandler
                0x00000000080007a4                EXTI9_5_IRQHandler
                0x00000000080007a4                RTC_WKUP_IRQHandler
                0x00000000080007a4                SPDIF_RX_IRQHandler
                0x00000000080007a4                SPI2_IRQHandler
                0x00000000080007a4                OTG_HS_EP1_IN_IRQHandler
                0x00000000080007a4                DMA1_Stream0_IRQHandler
                0x00000000080007a4                CAN1_TX_IRQHandler
                0x00000000080007a4                FMPI2C1_ER_IRQHandler
                0x00000000080007a4                EXTI4_IRQHandler
                0x00000000080007a4                OTG_HS_EP1_OUT_IRQHandler
                0x00000000080007a4                WWDG_IRQHandler
                0x00000000080007a4                TIM2_IRQHandler
                0x00000000080007a4                OTG_FS_WKUP_IRQHandler
                0x00000000080007a4                TIM1_TRG_COM_TIM11_IRQHandler
                0x00000000080007a4                OTG_HS_IRQHandler
                0x00000000080007a4                EXTI1_IRQHandler
                0x00000000080007a4                USART2_IRQHandler
                0x00000000080007a4                I2C2_ER_IRQHandler
                0x00000000080007a4                DMA2_Stream1_IRQHandler
                0x00000000080007a4                CAN1_SCE_IRQHandler
                0x00000000080007a4                FLASH_IRQHandler
                0x00000000080007a4                DMA2_Stream4_IRQHandler
                0x00000000080007a4                USART1_IRQHandler
                0x00000000080007a4                OTG_FS_IRQHandler
                0x00000000080007a4                SPI3_IRQHandler
                0x00000000080007a4                DMA1_Stream4_IRQHandler
                0x00000000080007a4                I2C1_ER_IRQHandler
                0x00000000080007a4                FMC_IRQHandler
                0x00000000080007a4                DMA2_Stream6_IRQHandler
                0x00000000080007a4                SAI1_IRQHandler
                0x00000000080007a4                DMA1_Stream3_IRQHandler
 *fill*         0x00000000080007a6        0x2 
 .text.HAL_Init
                0x00000000080007a8       0x44 ./Drivers/STM32F4xx_HAL_Driver/Src/stm32f4xx_hal.o
                0x00000000080007a8                HAL_Init
 .text.HAL_InitTick
                0x00000000080007ec       0x60 ./Drivers/STM32F4xx_HAL_Driver/Src/stm32f4xx_hal.o
                0x00000000080007ec                HAL_InitTick
 .text.HAL_GetTick
                0x000000000800084c       0x18 ./Drivers/STM32F4xx_HAL_Driver/Src/stm32f4xx_hal.o
                0x000000000800084c                HAL_GetTick
 .text.__NVIC_SetPriorityGrouping
                0x0000000008000864       0x48 ./Drivers/STM32F4xx_HAL_Driver/Src/stm32f4xx_hal_cortex.o
 .text.__NVIC_GetPriorityGrouping
                0x00000000080008ac       0x1c ./Drivers/STM32F4xx_HAL_Driver/Src/stm32f4xx_hal_cortex.o
 .text.__NVIC_SetPriority
                0x00000000080008c8       0x54 ./Drivers/STM32F4xx_HAL_Driver/Src/stm32f4xx_hal_cortex.o
 .text.NVIC_EncodePriority
                0x000000000800091c       0x66 ./Drivers/STM32F4xx_HAL_Driver/Src/stm32f4xx_hal_cortex.o
 *fill*         0x0000000008000982        0x2 
 .text.SysTick_Config
                0x0000000008000984       0x44 ./Drivers/STM32F4xx_HAL_Driver/Src/stm32f4xx_hal_cortex.o
 .text.HAL_NVIC_SetPriorityGrouping
                0x00000000080009c8       0x16 ./Drivers/STM32F4xx_HAL_Driver/Src/stm32f4xx_hal_cortex.o
                0x00000000080009c8                HAL_NVIC_SetPriorityGrouping
 .text.HAL_NVIC_SetPriority
                0x00000000080009de       0x38 ./Drivers/STM32F4xx_HAL_Driver/Src/stm32f4xx_hal_cortex.o
                0x00000000080009de                HAL_NVIC_SetPriority
 .text.HAL_SYSTICK_Config
                0x0000000008000a16       0x18 ./Drivers/STM32F4xx_HAL_Driver/Src/stm32f4xx_hal_cortex.o
                0x0000000008000a16                HAL_SYSTICK_Config
 *fill*         0x0000000008000a2e        0x2 
 .text.HAL_GPIO_Init
                0x0000000008000a30      0x328 ./Drivers/STM32F4xx_HAL_Driver/Src/stm32f4xx_hal_gpio.o
                0x0000000008000a30                HAL_GPIO_Init
 .text.HAL_GPIO_WritePin
                0x0000000008000d58       0x32 ./Drivers/STM32F4xx_HAL_Driver/Src/stm32f4xx_hal_gpio.o
                0x0000000008000d58                HAL_GPIO_WritePin
 *fill*         0x0000000008000d8a        0x2 
 .text.HAL_RCC_ClockConfig
                0x0000000008000d8c      0x1cc ./Drivers/STM32F4xx_HAL_Driver/Src/stm32f4xx_hal_rcc.o
                0x0000000008000d8c                HAL_RCC_ClockConfig
 .text.HAL_RCC_GetSysClockFreq
                0x0000000008000f58      0x460 ./Drivers/STM32F4xx_HAL_Driver/Src/stm32f4xx_hal_rcc_ex.o
                0x0000000008000f58                HAL_RCC_GetSysClockFreq
 .text.HAL_RCC_OscConfig
                0x00000000080013b8      0x53c ./Drivers/STM32F4xx_HAL_Driver/Src/stm32f4xx_hal_rcc_ex.o
                0x00000000080013b8                HAL_RCC_OscConfig
 .text.xTaskIncrementTick
                0x00000000080018f4      0x22c ./ThirdParty/FreeRTOS/tasks.o
                0x00000000080018f4                xTaskIncrementTick
 .text.vTaskSwitchContext
                0x0000000008001b20       0xb8 ./ThirdParty/FreeRTOS/tasks.o
                0x0000000008001b20                vTaskSwitchContext
 .text.prvResetNextTaskUnblockTime
                0x0000000008001bd8       0x38 ./ThirdParty/FreeRTOS/tasks.o
 .text.SVC_Handler
                0x0000000008001c10       0x28 ./ThirdParty/FreeRTOS/portable/GCC/ARM_CM4F/port.o
                0x0000000008001c10                SVC_Handler
 *fill*         0x0000000008001c38        0x8 
 .text.PendSV_Handler
                0x0000000008001c40       0x68 ./ThirdParty/FreeRTOS/portable/GCC/ARM_CM4F/port.o
                0x0000000008001c40                PendSV_Handler
 .text.SysTick_Handler
                0x0000000008001ca8       0x44 ./ThirdParty/FreeRTOS/portable/GCC/ARM_CM4F/port.o
                0x0000000008001ca8                SysTick_Handler
 .text.__libc_init_array
                0x0000000008001cec       0x48 c:/st/stm32cubeide_1.9.0/stm32cubeide/plugins/com.st.stm32cube.ide.mcu.externaltools.gnu-tools-for-stm32.10.3-2021.10.win32_1.0.0.202111181127/tools/bin/../lib/gcc/arm-none-eabi/10.3.1/../../../../arm-none-eabi/lib/thumb/v7e-m+fp/hard\libc_nano.a(lib_a-init.o)
                0x0000000008001cec                __libc_init_array
 .text.memset   0x0000000008001d34       0x10 c:/st/stm32cubeide_1.9.0/stm32cubeide/plugins/com.st.stm32cube.ide.mcu.externaltools.gnu-tools-for-stm32.10.3-2021.10.win32_1.0.0.202111181127/tools/bin/../lib/gcc/arm-none-eabi/10.3.1/../../../../arm-none-eabi/lib/thumb/v7e-m+fp/hard\libc_nano.a(lib_a-memset.o)
                0x0000000008001d34                memset
 *(.glue_7)
 .glue_7        0x0000000008001d44        0x0 linker stubs
 *(.glue_7t)
 .glue_7t       0x0000000008001d44        0x0 linker stubs
 *(.eh_frame)
 .eh_frame      0x0000000008001d44        0x0 c:/st/stm32cubeide_1.9.0/stm32cubeide/plugins/com.st.stm32cube.ide.mcu.externaltools.gnu-tools-for-stm32.10.3-2021.10.win32_1.0.0.202111181127/tools/bin/../lib/gcc/arm-none-eabi/10.3.1/thumb/v7e-m+fp/hard/crtbegin.o
 *(.init)
 .init          0x0000000008001d44        0x4 c:/st/stm32cubeide_1.9.0/stm32cubeide/plugins/com.st.stm32cube.ide.mcu.externaltools.gnu-tools-for-stm32.10.3-2021.10.win32_1.0.0.202111181127/tools/bin/../lib/gcc/arm-none-eabi/10.3.1/thumb/v7e-m+fp/hard/crti.o
                0x0000000008001d44                _init
 .init          0x0000000008001d48        0x8 c:/st/stm32cubeide_1.9.0/stm32cubeide/plugins/com.st.stm32cube.ide.mcu.externaltools.gnu-tools-for-stm32.10.3-2021.10.win32_1.0.0.202111181127/tools/bin/../lib/gcc/arm-none-eabi/10.3.1/thumb/v7e-m+fp/hard/crtn.o
 *(.fini)
 .fini          0x0000000008001d50        0x4 c:/st/stm32cubeide_1.9.0/stm32cubeide/plugins/com.st.stm32cube.ide.mcu.externaltools.gnu-tools-for-stm32.10.3-2021.10.win32_1.0.0.202111181127/tools/bin/../lib/gcc/arm-none-eabi/10.3.1/thumb/v7e-m+fp/hard/crti.o
                0x0000000008001d50                _fini
 .fini          0x0000000008001d54        0x8 c:/st/stm32cubeide_1.9.0/stm32cubeide/plugins/com.st.stm32cube.ide.mcu.externaltools.gnu-tools-for-stm32.10.3-2021.10.win32_1.0.0.202111181127/tools/bin/../lib/gcc/arm-none-eabi/10.3.1/thumb/v7e-m+fp/hard/crtn.o
                0x0000000008001d5c                . = ALIGN (0x4)
                0x0000000008001d5c                _etext = .

.vfp11_veneer   0x0000000008001d5c        0x0
 .vfp11_veneer  0x0000000008001d5c        0x0 linker stubs

.v4_bx          0x0000000008001d5c        0x0
 .v4_bx         0x0000000008001d5c        0x0 linker stubs

.iplt           0x0000000008001d5c        0x0
 .iplt          0x0000000008001d5c        0x0 c:/st/stm32cubeide_1.9.0/stm32cubeide/plugins/com.st.stm32cube.ide.mcu.externaltools.gnu-tools-for-stm32.10.3-2021.10.win32_1.0.0.202111181127/tools/bin/../lib/gcc/arm-none-eabi/10.3.1/thumb/v7e-m+fp/hard/crtbegin.o

.rodata         0x0000000008001d5c       0x10
                0x0000000008001d5c                . = ALIGN (0x4)
 *(.rodata)
 *(.rodata*)
 .rodata.AHBPrescTable
                0x0000000008001d5c       0x10 ./Core/Src/system_stm32f4xx.o
                0x0000000008001d5c                AHBPrescTable
                0x0000000008001d6c                . = ALIGN (0x4)

.ARM.extab      0x0000000008001d6c        0x0
                0x0000000008001d6c                . = ALIGN (0x4)
 *(.ARM.extab* .gnu.linkonce.armextab.*)
                0x0000000008001d6c                . = ALIGN (0x4)

.ARM            0x0000000008001d6c        0x8
                0x0000000008001d6c                . = ALIGN (0x4)
                0x0000000008001d6c                __exidx_start = .
 *(.ARM.exidx*)
 .ARM.exidx     0x0000000008001d6c        0x8 c:/st/stm32cubeide_1.9.0/stm32cubeide/plugins/com.st.stm32cube.ide.mcu.externaltools.gnu-tools-for-stm32.10.3-2021.10.win32_1.0.0.202111181127/tools/bin/../lib/gcc/arm-none-eabi/10.3.1/thumb/v7e-m+fp/hard\libgcc.a(_udivmoddi4.o)
                0x0000000008001d74                __exidx_end = .
                0x0000000008001d74                . = ALIGN (0x4)

.rel.dyn        0x0000000008001d74        0x0
 .rel.iplt      0x0000000008001d74        0x0 c:/st/stm32cubeide_1.9.0/stm32cubeide/plugins/com.st.stm32cube.ide.mcu.externaltools.gnu-tools-for-stm32.10.3-2021.10.win32_1.0.0.202111181127/tools/bin/../lib/gcc/arm-none-eabi/10.3.1/thumb/v7e-m+fp/hard/crtbegin.o

.preinit_array  0x0000000008001d74        0x0
                0x0000000008001d74                . = ALIGN (0x4)
                0x0000000008001d74                PROVIDE (__preinit_array_start = .)
 *(.preinit_array*)
                0x0000000008001d74                PROVIDE (__preinit_array_end = .)
                0x0000000008001d74                . = ALIGN (0x4)

.init_array     0x0000000008001d74        0x4
                0x0000000008001d74                . = ALIGN (0x4)
                0x0000000008001d74                PROVIDE (__init_array_start = .)
 *(SORT_BY_NAME(.init_array.*))
 *(.init_array*)
 .init_array    0x0000000008001d74        0x4 c:/st/stm32cubeide_1.9.0/stm32cubeide/plugins/com.st.stm32cube.ide.mcu.externaltools.gnu-tools-for-stm32.10.3-2021.10.win32_1.0.0.202111181127/tools/bin/../lib/gcc/arm-none-eabi/10.3.1/thumb/v7e-m+fp/hard/crtbegin.o
                0x0000000008001d78                PROVIDE (__init_array_end = .)
                0x0000000008001d78                . = ALIGN (0x4)

.fini_array     0x0000000008001d78        0x4
                0x0000000008001d78                . = ALIGN (0x4)
                [!provide]                        PROVIDE (__fini_array_start = .)
 *(SORT_BY_NAME(.fini_array.*))
 *(.fini_array*)
 .fini_array    0x0000000008001d78        0x4 c:/st/stm32cubeide_1.9.0/stm32cubeide/plugins/com.st.stm32cube.ide.mcu.externaltools.gnu-tools-for-stm32.10.3-2021.10.win32_1.0.0.202111181127/tools/bin/../lib/gcc/arm-none-eabi/10.3.1/thumb/v7e-m+fp/hard/crtbegin.o
                [!provide]                        PROVIDE (__fini_array_end = .)
                0x0000000008001d7c                . = ALIGN (0x4)
                0x0000000008001d7c                _sidata = LOADADDR (.data)

.data           0x0000000020000000        0xc load address 0x0000000008001d7c
                0x0000000020000000                . = ALIGN (0x4)
                0x0000000020000000                _sdata = .
 *(.data)
 *(.data*)
 .data.SystemCoreClock
                0x0000000020000000        0x4 ./Core/Src/system_stm32f4xx.o
                0x0000000020000000                SystemCoreClock
 .data.uwTickPrio
                0x0000000020000004        0x4 ./Drivers/STM32F4xx_HAL_Driver/Src/stm32f4xx_hal.o
                0x0000000020000004                uwTickPrio
 .data.uwTickFreq
                0x0000000020000008        0x1 ./Drivers/STM32F4xx_HAL_Driver/Src/stm32f4xx_hal.o
                0x0000000020000008                uwTickFreq
 *(.RamFunc)
 *(.RamFunc*)
                0x000000002000000c                . = ALIGN (0x4)
 *fill*         0x0000000020000009        0x3 
                0x000000002000000c                _edata = .

.igot.plt       0x000000002000000c        0x0 load address 0x0000000008001d88
 .igot.plt      0x000000002000000c        0x0 c:/st/stm32cubeide_1.9.0/stm32cubeide/plugins/com.st.stm32cube.ide.mcu.externaltools.gnu-tools-for-stm32.10.3-2021.10.win32_1.0.0.202111181127/tools/bin/../lib/gcc/arm-none-eabi/10.3.1/thumb/v7e-m+fp/hard/crtbegin.o
                0x000000002000000c                . = ALIGN (0x4)

.bss            0x000000002000000c       0xac load address 0x0000000008001d88
                0x000000002000000c                _sbss = .
                0x000000002000000c                __bss_start__ = _sbss
 *(.bss)
 .bss           0x000000002000000c       0x1c c:/st/stm32cubeide_1.9.0/stm32cubeide/plugins/com.st.stm32cube.ide.mcu.externaltools.gnu-tools-for-stm32.10.3-2021.10.win32_1.0.0.202111181127/tools/bin/../lib/gcc/arm-none-eabi/10.3.1/thumb/v7e-m+fp/hard/crtbegin.o
 *(.bss*)
 .bss.uwTick    0x0000000020000028        0x4 ./Drivers/STM32F4xx_HAL_Driver/Src/stm32f4xx_hal.o
                0x0000000020000028                uwTick
 .bss.pxCurrentTCB
                0x000000002000002c        0x4 ./ThirdParty/FreeRTOS/tasks.o
                0x000000002000002c                pxCurrentTCB
 .bss.pxReadyTasksLists
                0x0000000020000030       0x64 ./ThirdParty/FreeRTOS/tasks.o
 .bss.pxDelayedTaskList
                0x0000000020000094        0x4 ./ThirdParty/FreeRTOS/tasks.o
 .bss.pxOverflowDelayedTaskList
                0x0000000020000098        0x4 ./ThirdParty/FreeRTOS/tasks.o
 .bss.xTickCount
                0x000000002000009c        0x4 ./ThirdParty/FreeRTOS/tasks.o
 .bss.uxTopReadyPriority
                0x00000000200000a0        0x4 ./ThirdParty/FreeRTOS/tasks.o
 .bss.xPendedTicks
                0x00000000200000a4        0x4 ./ThirdParty/FreeRTOS/tasks.o
 .bss.xYieldPending
                0x00000000200000a8        0x4 ./ThirdParty/FreeRTOS/tasks.o
 .bss.xNumOfOverflows
                0x00000000200000ac        0x4 ./ThirdParty/FreeRTOS/tasks.o
 .bss.xNextTaskUnblockTime
                0x00000000200000b0        0x4 ./ThirdParty/FreeRTOS/tasks.o
 .bss.uxSchedulerSuspended
                0x00000000200000b4        0x4 ./ThirdParty/FreeRTOS/tasks.o
 *(COMMON)
                0x00000000200000b8                . = ALIGN (0x4)
                0x00000000200000b8                _ebss = .
                0x00000000200000b8                __bss_end__ = _ebss

._user_heap_stack
                0x00000000200000b8      0x600 load address 0x0000000008001d88
                0x00000000200000b8                . = ALIGN (0x8)
                [!provide]                        PROVIDE (end = .)
                [!provide]                        PROVIDE (_end = .)
                0x00000000200002b8                . = (. + _Min_Heap_Size)
 *fill*         0x00000000200000b8      0x200 
                0x00000000200006b8                . = (. + _Min_Stack_Size)
 *fill*         0x00000000200002b8      0x400 
                0x00000000200006b8                . = ALIGN (0x8)

/DISCARD/
 libc.a(*)
 libm.a(*)
 libgcc.a(*)

.ARM.attributes
                0x0000000000000000       0x30
 *(.ARM.attributes)
 .ARM.attributes
                0x0000000000000000       0x1e c:/st/stm32cubeide_1.9.0/stm32cubeide/plugins/com.st.stm32cube.ide.mcu.externaltools.gnu-tools-for-stm32.10.3-2021.10.win32_1.0.0.202111181127/tools/bin/../lib/gcc/arm-none-eabi/10.3.1/thumb/v7e-m+fp/hard/crti.o
 .ARM.attributes
                0x000000000000001e       0x34 c:/st/stm32cubeide_1.9.0/stm32cubeide/plugins/com.st.stm32cube.ide.mcu.externaltools.gnu-tools-for-stm32.10.3-2021.10.win32_1.0.0.202111181127/tools/bin/../lib/gcc/arm-none-eabi/10.3.1/thumb/v7e-m+fp/hard/crtbegin.o
 .ARM.attributes
                0x0000000000000052       0x34 ./Core/Src/main.o
 .ARM.attributes
                0x0000000000000086       0x34 ./Core/Src/stm32f4xx_hal_msp.o
 .ARM.attributes
                0x00000000000000ba       0x34 ./Core/Src/stm32f4xx_it.o
 .ARM.attributes
                0x00000000000000ee       0x34 ./Core/Src/system_stm32f4xx.o
 .ARM.attributes
                0x0000000000000122       0x21 ./Core/Startup/startup_stm32f446retx.o
 .ARM.attributes
                0x0000000000000143       0x34 ./Drivers/STM32F4xx_HAL_Driver/Src/stm32f4xx_hal.o
 .ARM.attributes
                0x0000000000000177       0x34 ./Drivers/STM32F4xx_HAL_Driver/Src/stm32f4xx_hal_cortex.o
 .ARM.attributes
                0x00000000000001ab       0x34 ./Drivers/STM32F4xx_HAL_Driver/Src/stm32f4xx_hal_gpio.o
 .ARM.attributes
                0x00000000000001df       0x34 ./Drivers/STM32F4xx_HAL_Driver/Src/stm32f4xx_hal_rcc.o
 .ARM.attributes
                0x0000000000000213       0x34 ./Drivers/STM32F4xx_HAL_Driver/Src/stm32f4xx_hal_rcc_ex.o
 .ARM.attributes
                0x0000000000000247       0x34 ./ThirdParty/FreeRTOS/tasks.o
 .ARM.attributes
                0x000000000000027b       0x34 ./ThirdParty/FreeRTOS/portable/GCC/ARM_CM4F/port.o
 .ARM.attributes
                0x00000000000002af       0x34 c:/st/stm32cubeide_1.9.0/stm32cubeide/plugins/com.st.stm32cube.ide.mcu.externaltools.gnu-tools-for-stm32.10.3-2021.10.win32_1.0.0.202111181127/tools/bin/../lib/gcc/arm-none-eabi/10.3.1/../../../../arm-none-eabi/lib/thumb/v7e-m+fp/hard\libc_nano.a(lib_a-init.o)
 .ARM.attributes
                0x00000000000002e3       0x34 c:/st/stm32cubeide_1.9.0/stm32cubeide/plugins/com.st.stm32cube.ide.mcu.externaltools.gnu-tools-for-stm32.10.3-2021.10.win32_1.0.0.202111181127/tools/bin/../lib/gcc/arm-none-eabi/10.3.1/../../../../arm-none-eabi/lib/thumb/v7e-m+fp/hard\libc_nano.a(lib_a-memset.o)
 .ARM.attributes
                0x0000000000000317       0x1e c:/st/stm32cubeide_1.9.0/stm32cubeide/plugins/com.st.stm32cube.ide.mcu.externaltools.gnu-tools-for-stm32.10.3-2021.10.win32_1.0.0.202111181127/tools/bin/../lib/gcc/arm-none-eabi/10.3.1/thumb/v7e-m+fp/hard\libgcc.a(_aeabi_uldivmod.o)
 .ARM.attributes
                0x0000000000000335       0x34 c:/st/stm32cubeide_1.9.0/stm32cubeide/plugins/com.st.stm32cube.ide.mcu.externaltools.gnu-tools-for-stm32.10.3-2021.10.win32_1.0.0.202111181127/tools/bin/../lib/gcc/arm-none-eabi/10.3.1/thumb/v7e-m+fp/hard\libgcc.a(_udivmoddi4.o)
 .ARM.attributes
                0x0000000000000369       0x1e c:/st/stm32cubeide_1.9.0/stm32cubeide/plugins/com.st.stm32cube.ide.mcu.externaltools.gnu-tools-for-stm32.10.3-2021.10.win32_1.0.0.202111181127/tools/bin/../lib/gcc/arm-none-eabi/10.3.1/thumb/v7e-m+fp/hard\libgcc.a(_dvmd_tls.o)
 .ARM.attributes
                0x0000000000000387       0x1e c:/st/stm32cubeide_1.9.0/stm32cubeide/plugins/com.st.stm32cube.ide.mcu.externaltools.gnu-tools-for-stm32.10.3-2021.10.win32_1.0.0.202111181127/tools/bin/../lib/gcc/arm-none-eabi/10.3.1/thumb/v7e-m+fp/hard/crtn.o
OUTPUT(FREE_RTOS_Project.elf elf32-littlearm)
LOAD linker stubs
LOAD c:/st/stm32cubeide_1.9.0/stm32cubeide/plugins/com.st.stm32cube.ide.mcu.externaltools.gnu-tools-for-stm32.10.3-2021.10.win32_1.0.0.202111181127/tools/bin/../lib/gcc/arm-none-eabi/10.3.1/../../../../arm-none-eabi/lib/thumb/v7e-m+fp/hard\libc.a
LOAD c:/st/stm32cubeide_1.9.0/stm32cubeide/plugins/com.st.stm32cube.ide.mcu.externaltools.gnu-tools-for-stm32.10.3-2021.10.win32_1.0.0.202111181127/tools/bin/../lib/gcc/arm-none-eabi/10.3.1/../../../../arm-none-eabi/lib/thumb/v7e-m+fp/hard\libm.a
LOAD c:/st/stm32cubeide_1.9.0/stm32cubeide/plugins/com.st.stm32cube.ide.mcu.externaltools.gnu-tools-for-stm32.10.3-2021.10.win32_1.0.0.202111181127/tools/bin/../lib/gcc/arm-none-eabi/10.3.1/thumb/v7e-m+fp/hard\libgcc.a

.debug_info     0x0000000000000000     0x6eaa
 .debug_info    0x0000000000000000      0x729 ./Core/Src/main.o
 .debug_info    0x0000000000000729      0x2f3 ./Core/Src/stm32f4xx_hal_msp.o
 .debug_info    0x0000000000000a1c       0xe3 ./Core/Src/stm32f4xx_it.o
 .debug_info    0x0000000000000aff      0x55b ./Core/Src/system_stm32f4xx.o
 .debug_info    0x000000000000105a       0x22 ./Core/Startup/startup_stm32f446retx.o
 .debug_info    0x000000000000107c      0x9d2 ./Drivers/STM32F4xx_HAL_Driver/Src/stm32f4xx_hal.o
 .debug_info    0x0000000000001a4e      0xe39 ./Drivers/STM32F4xx_HAL_Driver/Src/stm32f4xx_hal_cortex.o
 .debug_info    0x0000000000002887      0x7be ./Drivers/STM32F4xx_HAL_Driver/Src/stm32f4xx_hal_gpio.o
 .debug_info    0x0000000000003045      0x9ab ./Drivers/STM32F4xx_HAL_Driver/Src/stm32f4xx_hal_rcc.o
 .debug_info    0x00000000000039f0      0x9ec ./Drivers/STM32F4xx_HAL_Driver/Src/stm32f4xx_hal_rcc_ex.o
 .debug_info    0x00000000000043dc     0x25c7 ./ThirdParty/FreeRTOS/tasks.o
 .debug_info    0x00000000000069a3      0x507 ./ThirdParty/FreeRTOS/portable/GCC/ARM_CM4F/port.o

.debug_abbrev   0x0000000000000000     0x15ab
 .debug_abbrev  0x0000000000000000      0x1e8 ./Core/Src/main.o
 .debug_abbrev  0x00000000000001e8       0xf0 ./Core/Src/stm32f4xx_hal_msp.o
 .debug_abbrev  0x00000000000002d8       0x47 ./Core/Src/stm32f4xx_it.o
 .debug_abbrev  0x000000000000031f      0x116 ./Core/Src/system_stm32f4xx.o
 .debug_abbrev  0x0000000000000435       0x12 ./Core/Startup/startup_stm32f446retx.o
 .debug_abbrev  0x0000000000000447      0x20d ./Drivers/STM32F4xx_HAL_Driver/Src/stm32f4xx_hal.o
 .debug_abbrev  0x0000000000000654      0x316 ./Drivers/STM32F4xx_HAL_Driver/Src/stm32f4xx_hal_cortex.o
 .debug_abbrev  0x000000000000096a      0x1c4 ./Drivers/STM32F4xx_HAL_Driver/Src/stm32f4xx_hal_gpio.o
 .debug_abbrev  0x0000000000000b2e      0x2aa ./Drivers/STM32F4xx_HAL_Driver/Src/stm32f4xx_hal_rcc.o
 .debug_abbrev  0x0000000000000dd8      0x1fb ./Drivers/STM32F4xx_HAL_Driver/Src/stm32f4xx_hal_rcc_ex.o
 .debug_abbrev  0x0000000000000fd3      0x37f ./ThirdParty/FreeRTOS/tasks.o
 .debug_abbrev  0x0000000000001352      0x259 ./ThirdParty/FreeRTOS/portable/GCC/ARM_CM4F/port.o

.debug_aranges  0x0000000000000000      0x6c8
 .debug_aranges
                0x0000000000000000       0x38 ./Core/Src/main.o
 .debug_aranges
                0x0000000000000038       0x20 ./Core/Src/stm32f4xx_hal_msp.o
 .debug_aranges
                0x0000000000000058       0x48 ./Core/Src/stm32f4xx_it.o
 .debug_aranges
                0x00000000000000a0       0x28 ./Core/Src/system_stm32f4xx.o
 .debug_aranges
                0x00000000000000c8       0x28 ./Core/Startup/startup_stm32f446retx.o
 .debug_aranges
                0x00000000000000f0       0xf0 ./Drivers/STM32F4xx_HAL_Driver/Src/stm32f4xx_hal.o
 .debug_aranges
                0x00000000000001e0      0x118 ./Drivers/STM32F4xx_HAL_Driver/Src/stm32f4xx_hal_cortex.o
 .debug_aranges
                0x00000000000002f8       0x58 ./Drivers/STM32F4xx_HAL_Driver/Src/stm32f4xx_hal_gpio.o
 .debug_aranges
                0x0000000000000350       0x88 ./Drivers/STM32F4xx_HAL_Driver/Src/stm32f4xx_hal_rcc.o
 .debug_aranges
                0x00000000000003d8       0x78 ./Drivers/STM32F4xx_HAL_Driver/Src/stm32f4xx_hal_rcc_ex.o
 .debug_aranges
                0x0000000000000450      0x1f8 ./ThirdParty/FreeRTOS/tasks.o
 .debug_aranges
                0x0000000000000648       0x80 ./ThirdParty/FreeRTOS/portable/GCC/ARM_CM4F/port.o

.debug_ranges   0x0000000000000000      0x610
 .debug_ranges  0x0000000000000000       0x28 ./Core/Src/main.o
 .debug_ranges  0x0000000000000028       0x10 ./Core/Src/stm32f4xx_hal_msp.o
 .debug_ranges  0x0000000000000038       0x38 ./Core/Src/stm32f4xx_it.o
 .debug_ranges  0x0000000000000070       0x18 ./Core/Src/system_stm32f4xx.o
 .debug_ranges  0x0000000000000088       0x20 ./Core/Startup/startup_stm32f446retx.o
 .debug_ranges  0x00000000000000a8       0xe0 ./Drivers/STM32F4xx_HAL_Driver/Src/stm32f4xx_hal.o
 .debug_ranges  0x0000000000000188      0x108 ./Drivers/STM32F4xx_HAL_Driver/Src/stm32f4xx_hal_cortex.o
 .debug_ranges  0x0000000000000290       0x48 ./Drivers/STM32F4xx_HAL_Driver/Src/stm32f4xx_hal_gpio.o
 .debug_ranges  0x00000000000002d8       0x78 ./Drivers/STM32F4xx_HAL_Driver/Src/stm32f4xx_hal_rcc.o
 .debug_ranges  0x0000000000000350       0x68 ./Drivers/STM32F4xx_HAL_Driver/Src/stm32f4xx_hal_rcc_ex.o
 .debug_ranges  0x00000000000003b8      0x1e8 ./ThirdParty/FreeRTOS/tasks.o
 .debug_ranges  0x00000000000005a0       0x70 ./ThirdParty/FreeRTOS/portable/GCC/ARM_CM4F/port.o

.debug_macro    0x0000000000000000    0x2006c
 .debug_macro   0x0000000000000000      0x1bf ./Core/Src/main.o
 .debug_macro   0x00000000000001bf      0xa78 ./Core/Src/main.o
 .debug_macro   0x0000000000000c37      0x28f ./Core/Src/main.o
 .debug_macro   0x0000000000000ec6       0x2e ./Core/Src/main.o
 .debug_macro   0x0000000000000ef4       0x28 ./Core/Src/main.o
 .debug_macro   0x0000000000000f1c       0x22 ./Core/Src/main.o
 .debug_macro   0x0000000000000f3e       0x8e ./Core/Src/main.o
 .debug_macro   0x0000000000000fcc       0x51 ./Core/Src/main.o
 .debug_macro   0x000000000000101d      0x103 ./Core/Src/main.o
 .debug_macro   0x0000000000001120       0x6a ./Core/Src/main.o
 .debug_macro   0x000000000000118a      0x1df ./Core/Src/main.o
 .debug_macro   0x0000000000001369       0x1c ./Core/Src/main.o
 .debug_macro   0x0000000000001385       0x22 ./Core/Src/main.o
 .debug_macro   0x00000000000013a7       0xd9 ./Core/Src/main.o
 .debug_macro   0x0000000000001480     0x102d ./Core/Src/main.o
 .debug_macro   0x00000000000024ad      0x11f ./Core/Src/main.o
 .debug_macro   0x00000000000025cc    0x16749 ./Core/Src/main.o
 .debug_macro   0x0000000000018d15       0x6d ./Core/Src/main.o
 .debug_macro   0x0000000000018d82     0x367e ./Core/Src/main.o
 .debug_macro   0x000000000001c400      0x174 ./Core/Src/main.o
 .debug_macro   0x000000000001c574       0x5c ./Core/Src/main.o
 .debug_macro   0x000000000001c5d0      0xc90 ./Core/Src/main.o
 .debug_macro   0x000000000001d260      0x9fe ./Core/Src/main.o
 .debug_macro   0x000000000001dc5e      0x115 ./Core/Src/main.o
 .debug_macro   0x000000000001dd73      0x1a0 ./Core/Src/main.o
 .debug_macro   0x000000000001df13       0xa5 ./Core/Src/main.o
 .debug_macro   0x000000000001dfb8      0x16d ./Core/Src/main.o
 .debug_macro   0x000000000001e125      0x287 ./Core/Src/main.o
 .debug_macro   0x000000000001e3ac       0x5f ./Core/Src/main.o
 .debug_macro   0x000000000001e40b      0x236 ./Core/Src/main.o
 .debug_macro   0x000000000001e641      0x132 ./Core/Src/main.o
 .debug_macro   0x000000000001e773      0x29c ./Core/Src/main.o
 .debug_macro   0x000000000001ea0f       0x2e ./Core/Src/main.o
 .debug_macro   0x000000000001ea3d      0x11a ./Core/Src/main.o
 .debug_macro   0x000000000001eb57       0xe8 ./Core/Src/main.o
 .debug_macro   0x000000000001ec3f       0x89 ./Core/Src/main.o
 .debug_macro   0x000000000001ecc8      0x126 ./Core/Src/main.o
 .debug_macro   0x000000000001edee       0x1c ./Core/Src/main.o
 .debug_macro   0x000000000001ee0a      0x1bf ./Core/Src/stm32f4xx_hal_msp.o
 .debug_macro   0x000000000001efc9      0x1c9 ./Core/Src/stm32f4xx_it.o
 .debug_macro   0x000000000001f192      0x1b0 ./Core/Src/system_stm32f4xx.o
 .debug_macro   0x000000000001f342      0x210 ./Drivers/STM32F4xx_HAL_Driver/Src/stm32f4xx_hal.o
 .debug_macro   0x000000000001f552      0x1b0 ./Drivers/STM32F4xx_HAL_Driver/Src/stm32f4xx_hal_cortex.o
 .debug_macro   0x000000000001f702      0x1b6 ./Drivers/STM32F4xx_HAL_Driver/Src/stm32f4xx_hal_gpio.o
 .debug_macro   0x000000000001f8b8      0x1d4 ./Drivers/STM32F4xx_HAL_Driver/Src/stm32f4xx_hal_rcc.o
 .debug_macro   0x000000000001fa8c      0x1b0 ./Drivers/STM32F4xx_HAL_Driver/Src/stm32f4xx_hal_rcc_ex.o
 .debug_macro   0x000000000001fc3c      0x27e ./ThirdParty/FreeRTOS/tasks.o
 .debug_macro   0x000000000001feba       0x17 ./ThirdParty/FreeRTOS/tasks.o
 .debug_macro   0x000000000001fed1      0x19b ./ThirdParty/FreeRTOS/portable/GCC/ARM_CM4F/port.o

.debug_line     0x0000000000000000     0x81a1
 .debug_line    0x0000000000000000      0x713 ./Core/Src/main.o
 .debug_line    0x0000000000000713      0x66f ./Core/Src/stm32f4xx_hal_msp.o
 .debug_line    0x0000000000000d82      0x6f3 ./Core/Src/stm32f4xx_it.o
 .debug_line    0x0000000000001475      0x6f0 ./Core/Src/system_stm32f4xx.o
 .debug_line    0x0000000000001b65       0x88 ./Core/Startup/startup_stm32f446retx.o
 .debug_line    0x0000000000001bed      0x956 ./Drivers/STM32F4xx_HAL_Driver/Src/stm32f4xx_hal.o
 .debug_line    0x0000000000002543      0xc05 ./Drivers/STM32F4xx_HAL_Driver/Src/stm32f4xx_hal_cortex.o
 .debug_line    0x0000000000003148      0xab6 ./Drivers/STM32F4xx_HAL_Driver/Src/stm32f4xx_hal_gpio.o
 .debug_line    0x0000000000003bfe      0xcde ./Drivers/STM32F4xx_HAL_Driver/Src/stm32f4xx_hal_rcc.o
 .debug_line    0x00000000000048dc     0x1369 ./Drivers/STM32F4xx_HAL_Driver/Src/stm32f4xx_hal_rcc_ex.o
 .debug_line    0x0000000000005c45     0x1d5f ./ThirdParty/FreeRTOS/tasks.o
 .debug_line    0x00000000000079a4      0x7fd ./ThirdParty/FreeRTOS/portable/GCC/ARM_CM4F/port.o

.debug_str      0x0000000000000000    0xcbdbe
 .debug_str     0x0000000000000000    0xc0276 ./Core/Src/main.o
                                      0xc0521 (size before relaxing)
 .debug_str     0x00000000000c0276       0x49 ./Core/Src/stm32f4xx_hal_msp.o
                                      0xc02b3 (size before relaxing)
 .debug_str     0x00000000000c02bf       0x92 ./Core/Src/stm32f4xx_it.o
                                      0xc01c0 (size before relaxing)
 .debug_str     0x00000000000c0351       0xdb ./Core/Src/system_stm32f4xx.o
                                      0xc02f9 (size before relaxing)
 .debug_str     0x00000000000c042c       0x36 ./Core/Startup/startup_stm32f446retx.o
                                         0x58 (size before relaxing)
 .debug_str     0x00000000000c0462      0xb27 ./Drivers/STM32F4xx_HAL_Driver/Src/stm32f4xx_hal.o
                                      0xc0ebe (size before relaxing)
 .debug_str     0x00000000000c0f89      0x34d ./Drivers/STM32F4xx_HAL_Driver/Src/stm32f4xx_hal_cortex.o
                                      0xc0bcc (size before relaxing)
 .debug_str     0x00000000000c12d6      0x131 ./Drivers/STM32F4xx_HAL_Driver/Src/stm32f4xx_hal_gpio.o
                                      0xc0474 (size before relaxing)
 .debug_str     0x00000000000c1407      0x233 ./Drivers/STM32F4xx_HAL_Driver/Src/stm32f4xx_hal_rcc.o
                                      0xc0732 (size before relaxing)
 .debug_str     0x00000000000c163a      0x324 ./Drivers/STM32F4xx_HAL_Driver/Src/stm32f4xx_hal_rcc_ex.o
                                      0xc0765 (size before relaxing)
 .debug_str     0x00000000000c195e     0x9cf9 ./ThirdParty/FreeRTOS/tasks.o
                                       0xdd50 (size before relaxing)
 .debug_str     0x00000000000cb657      0x767 ./ThirdParty/FreeRTOS/portable/GCC/ARM_CM4F/port.o
                                       0x972e (size before relaxing)

.comment        0x0000000000000000       0x50
 .comment       0x0000000000000000       0x50 ./Core/Src/main.o
                                         0x51 (size before relaxing)
 .comment       0x0000000000000050       0x51 ./Core/Src/stm32f4xx_hal_msp.o
 .comment       0x0000000000000050       0x51 ./Core/Src/stm32f4xx_it.o
 .comment       0x0000000000000050       0x51 ./Core/Src/system_stm32f4xx.o
 .comment       0x0000000000000050       0x51 ./Drivers/STM32F4xx_HAL_Driver/Src/stm32f4xx_hal.o
 .comment       0x0000000000000050       0x51 ./Drivers/STM32F4xx_HAL_Driver/Src/stm32f4xx_hal_cortex.o
 .comment       0x0000000000000050       0x51 ./Drivers/STM32F4xx_HAL_Driver/Src/stm32f4xx_hal_gpio.o
 .comment       0x0000000000000050       0x51 ./Drivers/STM32F4xx_HAL_Driver/Src/stm32f4xx_hal_rcc.o
 .comment       0x0000000000000050       0x51 ./Drivers/STM32F4xx_HAL_Driver/Src/stm32f4xx_hal_rcc_ex.o
 .comment       0x0000000000000050       0x51 ./ThirdParty/FreeRTOS/tasks.o
 .comment       0x0000000000000050       0x51 ./ThirdParty/FreeRTOS/portable/GCC/ARM_CM4F/port.o

.debug_frame    0x0000000000000000     0x19ec
 .debug_frame   0x0000000000000000       0x8c ./Core/Src/main.o
 .debug_frame   0x000000000000008c       0x34 ./Core/Src/stm32f4xx_hal_msp.o
 .debug_frame   0x00000000000000c0       0xa8 ./Core/Src/stm32f4xx_it.o
 .debug_frame   0x0000000000000168       0x58 ./Core/Src/system_stm32f4xx.o
 .debug_frame   0x00000000000001c0      0x374 ./Drivers/STM32F4xx_HAL_Driver/Src/stm32f4xx_hal.o
 .debug_frame   0x0000000000000534      0x498 ./Drivers/STM32F4xx_HAL_Driver/Src/stm32f4xx_hal_cortex.o
 .debug_frame   0x00000000000009cc      0x14c ./Drivers/STM32F4xx_HAL_Driver/Src/stm32f4xx_hal_gpio.o
 .debug_frame   0x0000000000000b18      0x1f4 ./Drivers/STM32F4xx_HAL_Driver/Src/stm32f4xx_hal_rcc.o
 .debug_frame   0x0000000000000d0c      0x1e8 ./Drivers/STM32F4xx_HAL_Driver/Src/stm32f4xx_hal_rcc_ex.o
 .debug_frame   0x0000000000000ef4      0x8a4 ./ThirdParty/FreeRTOS/tasks.o
 .debug_frame   0x0000000000001798      0x1a8 ./ThirdParty/FreeRTOS/portable/GCC/ARM_CM4F/port.o
 .debug_frame   0x0000000000001940       0x2c c:/st/stm32cubeide_1.9.0/stm32cubeide/plugins/com.st.stm32cube.ide.mcu.externaltools.gnu-tools-for-stm32.10.3-2021.10.win32_1.0.0.202111181127/tools/bin/../lib/gcc/arm-none-eabi/10.3.1/../../../../arm-none-eabi/lib/thumb/v7e-m+fp/hard\libc_nano.a(lib_a-init.o)
 .debug_frame   0x000000000000196c       0x20 c:/st/stm32cubeide_1.9.0/stm32cubeide/plugins/com.st.stm32cube.ide.mcu.externaltools.gnu-tools-for-stm32.10.3-2021.10.win32_1.0.0.202111181127/tools/bin/../lib/gcc/arm-none-eabi/10.3.1/../../../../arm-none-eabi/lib/thumb/v7e-m+fp/hard\libc_nano.a(lib_a-memset.o)
 .debug_frame   0x000000000000198c       0x2c c:/st/stm32cubeide_1.9.0/stm32cubeide/plugins/com.st.stm32cube.ide.mcu.externaltools.gnu-tools-for-stm32.10.3-2021.10.win32_1.0.0.202111181127/tools/bin/../lib/gcc/arm-none-eabi/10.3.1/thumb/v7e-m+fp/hard\libgcc.a(_aeabi_uldivmod.o)
 .debug_frame   0x00000000000019b8       0x34 c:/st/stm32cubeide_1.9.0/stm32cubeide/plugins/com.st.stm32cube.ide.mcu.externaltools.gnu-tools-for-stm32.10.3-2021.10.win32_1.0.0.202111181127/tools/bin/../lib/gcc/arm-none-eabi/10.3.1/thumb/v7e-m+fp/hard\libgcc.a(_udivmoddi4.o)
